<html>
<body>
<pre>
<h1>µVision Build Log</h1>
<h2>Project:</h2>
C:\Users\apcq\OneDrive\ÎÄµµ\TxL\TxL.uvproj
Project File Date:  06/04/2018

<h2>Output:</h2>
Rebuild target 'target_vga'
assembling startup_stm32f10x_hd.s...
compiling build.c...
linking...
Program Size: Code=316 RO-data=320 RW-data=0 ZI-data=1632  
".\TxL.axf" - 0 Error(s), 0 Warning(s).
Load "C:\\Users\\apcq\\OneDrive\\ÎÄµµ\\TxL\\TxL.axf" 
Erase Done.
Programming Done.
Verify OK.
</pre>
</body>
</html>
 Warning(s).
Target not created
opcode Version , expecting opcode or Macro
startup_stm32f10x_hd.s(5): error: A1163E: Unknown opcode Date , expecting opcode or Macro
startup_stm32f10x_hd.s(6): error: A1163E: Unknown opcode Description , expecting opcode or Macro
startup_stm32f10x_hd.s(7): error: A1163E: Unknown opcode toolchain. , expecting opcode or Macro
startup_stm32f10x_hd.s(8): error: A1163E: Unknown opcode This , expecting opcode or Macro
startup_stm32f10x_hd.s(9): error: A1167E: Invalid line start 
startup_stm32f10x_hd.s(10): error: A1167E: Invalid line start 
startup_stm32f10x_hd.s(11): error: A1167E: Invalid line start 
startup_stm32f10x_hd.s(12): error: A1167E: Invalid line start 
startup_stm32f10x_hd.s(13): error: A1163E: Unknown opcode SRAM , expecting opcode or Macro
startup_stm32f10x_hd.s(14): error: A1163E: Unknown opcode memory , expecting opcode or Macro
startup_stm32f10x_hd.s(15): error: A1167E: Invalid line start 
startup_stm32f10x_hd.s(16): error: A1163E: Unknown opcode calls , expecting opcode or Macro
startup_stm32f10x_hd.s(17): error: A1163E: Unknown opcode After , expecting opcode or Macro
startup_stm32f10x_hd.s(18): error: A1163E: Unknown opcode priority , expecting opcode or Macro
startup_stm32f10x_hd.s(19): error: A1167E: Invalid line start 
startup_stm32f10x_hd.s(20): error: A1167E: Invalid line start 
startup_stm32f10x_hd.s(21): error: A1163E: Unknown opcode THE , expecting opcode or Macro
startup_stm32f10x_hd.s(22): error: A1163E: Unknown opcode WITH , expecting opcode or Macro
startup_stm32f10x_hd.s(23): error: A1163E: Unknown opcode AS , expecting opcode or Macro
startup_stm32f10x_hd.s(24): error: A1163E: Unknown opcode INDIRECT , expecting opcode or Macro
startup_stm32f10x_hd.s(25): error: A1163E: Unknown opcode CONTENT , expecting opcode or Macro
startup_stm32f10x_hd.s(26): error: A1163E: Unknown opcode INFORMATION , expecting opcode or Macro
startup_stm32f10x_hd.s(27): error: A1167E: Invalid line start 
startup_stm32f10x_hd.s(29): error: A1163E: Unknown opcode Amount , expecting opcode or Macro
startup_stm32f10x_hd.s(30): error: A1163E: Unknown opcode Tailor , expecting opcode or Macro
startup_stm32f10x_hd.s(31): error: A1167E: Invalid line start 
startup_stm32f10x_hd.s(32): error: A1167E: Invalid line start 
startup_stm32f10x_hd.s(33): error: A1167E: Invalid line start 
startup_stm32f10x_hd.s(41): error: A1167E: Invalid line start 
startup_stm32f10x_hd.s(42): error: A1167E: Invalid line start 
startup_stm32f10x_hd.s(43): error: A1167E: Invalid line start 
startup_stm32f10x_hd.s(56): error: A1163E: Unknown opcode Vector , expecting opcode or Macro
startup_stm32f10x_hd.s(62): error: A1517E: Unexpected operator equal to or equivalent to /
startup_stm32f10x_hd.s(63): error: A1517E: Unexpected operator equal to or equivalent to /
startup_stm32f10x_hd.s(64): error: A1517E: Unexpected operator equal to or equivalent to /
startup_stm32f10x_hd.s(65): error: A1517E: Unexpected operator equal to or equivalent to /
startup_stm32f10x_hd.s(66): error: A1517E: Unexpected operator equal to or equivalent to /
startup_stm32f10x_hd.s(67): error: A1517E: Unexpected operator equal to or equivalent to /
startup_stm32f10x_hd.s(68): error: A1517E: Unexpected operator equal to or equivalent to /
startup_stm32f10x_hd.s(69): error: A1517E: Unexpected operator equal to or equivalent to /
startup_stm32f10x_hd.s(70): error: A1517E: Unexpected operator equal to or equivalent to /
startup_stm32f10x_hd.s(71): error: A1517E: Unexpected operator equal to or equivalent to /
startup_stm32f10x_hd.s(72): error: A1517E: Unexpected operator equal to or equivalent to /
startup_stm32f10x_hd.s(73): error: A1517E: Unexpected operator equal to or equivalent to /
startup_stm32f10x_hd.s(74): error: A1517E: Unexpected operator equal to or equivalent to /
startup_stm32f10x_hd.s(75): error: A1517E: Unexpected operator equal to or equivalent to /
compiling build.c...
".\TxL.axf" - 50 Error(s), 0 Warning(s).
Target not created
